#-----------------------------------------------------------
# Vivado v2020.3 (64-bit)
# SW Build 3173277 on Wed Apr  7 05:07:49 MDT 2021
# IP Build 3174024 on Wed Apr  7 23:42:35 MDT 2021
# Start of session at: Tue Jun  8 21:42:10 2021
# Process ID: 14576
# Current directory: C:/Users/chris_qwzwysn/Proyecto Micros Arquitectura RISCV/Proyecto-Micros-Arquitectura-RISCV/Proyecto Micros Arquitectura RISCV.runs/RISCV_Uniciclo_Mux2a1_32bit_2_0_synth_1
# Command line: vivado.exe -log RISCV_Uniciclo_Mux2a1_32bit_2_0.vds -product Vivado -mode batch -messageDb vivado.pb -notrace -source RISCV_Uniciclo_Mux2a1_32bit_2_0.tcl
# Log file: C:/Users/chris_qwzwysn/Proyecto Micros Arquitectura RISCV/Proyecto-Micros-Arquitectura-RISCV/Proyecto Micros Arquitectura RISCV.runs/RISCV_Uniciclo_Mux2a1_32bit_2_0_synth_1/RISCV_Uniciclo_Mux2a1_32bit_2_0.vds
# Journal file: C:/Users/chris_qwzwysn/Proyecto Micros Arquitectura RISCV/Proyecto-Micros-Arquitectura-RISCV/Proyecto Micros Arquitectura RISCV.runs/RISCV_Uniciclo_Mux2a1_32bit_2_0_synth_1\vivado.jou
#-----------------------------------------------------------
source RISCV_Uniciclo_Mux2a1_32bit_2_0.tcl -notrace
